  Build cache is disabled
  Caching not enabled.
Caching disabled for ExtractAarTransform: /home/runner/.gradle/caches/modules-2/files-2.1/androidx.versionedparcelable/versionedparcelable/1.1.1/18e18071e7715679e0593c570217edeb5ca48b9e/versionedparcelable-1.1.1.aar because:
  Build cache is disabled
  Caching not enabled.
Caching disabled for AarTransform: /home/runner/.gradle/caches/8.14.3/transforms/65745fa6fd176513ed319a83b9904c6a/transformed/versionedparcelable-1.1.1 because:
  Build cache is disabled
  Caching not enabled.
Caching disabled for AarTransform: /home/runner/.gradle/caches/8.14.3/transforms/632d3556d00dc913be13d1217a812d57/transformed/annotation-experimental-1.4.1 because:
  Build cache is disabled
  Caching not enabled.
Downloading https://dl.google.com/dl/android/maven2/androidx/arch/core/core-runtime/2.2.0/core-runtime-2.2.0.aar to /home/runner/.gradle/.tmp/gradle_download1981511452484322156bin
Caching disabled for ExtractAarTransform: /home/runner/.gradle/caches/modules-2/files-2.1/androidx.arch.core/core-runtime/2.2.0/39705982680d78556b679ef9d5400d4f17509b0b/core-runtime-2.2.0.aar because:
  Build cache is disabled
  Caching not enabled.
Caching disabled for AarTransform: /home/runner/.gradle/caches/8.14.3/transforms/6a5136d2779a33672a68dcfc11dd750b/transformed/core-runtime-2.2.0 because:
  Build cache is disabled
  Caching not enabled.
Downloading https://dl.google.com/dl/android/maven2/androidx/core/core-viewtree/1.0.0/core-viewtree-1.0.0.aar to /home/runner/.gradle/.tmp/gradle_download14534026868914685419bin
Caching disabled for ExtractAarTransform: /home/runner/.gradle/caches/modules-2/files-2.1/androidx.core/core-viewtree/1.0.0/449ba4f495b4d10d18edd01f32f9328be40d5749/core-viewtree-1.0.0.aar because:
  Build cache is disabled
  Caching not enabled.
Caching disabled for AarTransform: /home/runner/.gradle/caches/8.14.3/transforms/9c2145ab2dfe570851bfcc2a8262b894/transformed/core-viewtree-1.0.0 because:
  Build cache is disabled
  Caching not enabled.
file or directory '/home/runner/work/cineo/cineo/android/app/libs', not found
file or directory '/home/runner/work/cineo/cineo/node_modules/@capacitor/filesystem/android/libs', not found
file or directory '/home/runner/work/cineo/cineo/node_modules/@capacitor/share/android/libs', not found
file or directory '/home/runner/work/cineo/cineo/node_modules/@capacitor/android/capacitor/libs', not found
file or directory '/home/runner/work/cineo/cineo/android/capacitor-cordova-android-plugins/src/main/libs', not found
file or directory '/home/runner/work/cineo/cineo/android/app/libs', not found
file or directory '/home/runner/work/cineo/cineo/node_modules/@capacitor/filesystem/android/libs', not found
file or directory '/home/runner/work/cineo/cineo/node_modules/@capacitor/share/android/libs', not found
file or directory '/home/runner/work/cineo/cineo/node_modules/@capacitor/android/capacitor/libs', not found
file or directory '/home/runner/work/cineo/cineo/android/capacitor-cordova-android-plugins/src/main/libs', not found
file or directory '/home/runner/work/cineo/cineo/android/app/libs', not found
file or directory '/home/runner/work/cineo/cineo/node_modules/@capacitor/filesystem/android/libs', not found
file or directory '/home/runner/work/cineo/cineo/node_modules/@capacitor/share/android/libs', not found
file or directory '/home/runner/work/cineo/cineo/node_modules/@capacitor/android/capacitor/libs', not found
file or directory '/home/runner/work/cineo/cineo/android/capacitor-cordova-android-plugins/src/main/libs', not found
Caching disabled for task ':app:checkDebugAarMetadata' because:
  Build cache is disabled
  Caching has been disabled for the task
Task ':app:checkDebugAarMetadata' is not up-to-date because:
  No history is available.
file or directory '/home/runner/work/cineo/cineo/android/app/libs', not found
file or directory '/home/runner/work/cineo/cineo/node_modules/@capacitor/filesystem/android/libs', not found
file or directory '/home/runner/work/cineo/cineo/node_modules/@capacitor/share/android/libs', not found
file or directory '/home/runner/work/cineo/cineo/node_modules/@capacitor/android/capacitor/libs', not found
file or directory '/home/runner/work/cineo/cineo/android/capacitor-cordova-android-plugins/src/main/libs', not found
file or directory '/home/runner/work/cineo/cineo/android/app/libs', not found
file or directory '/home/runner/work/cineo/cineo/node_modules/@capacitor/filesystem/android/libs', not found
file or directory '/home/runner/work/cineo/cineo/node_modules/@capacitor/share/android/libs', not found
file or directory '/home/runner/work/cineo/cineo/node_modules/@capacitor/android/capacitor/libs', not found
file or directory '/home/runner/work/cineo/cineo/android/capacitor-cordova-android-plugins/src/main/libs', not found

Resolve mutations for :capacitor-android:generateDebugResValues (Thread[#105,Execution worker Thread 2,5,main]) started.
:capacitor-android:generateDebugResValues (Thread[#105,Execution worker Thread 2,5,main]) started.

> Task :capacitor-android:generateDebugResValues
Caching disabled for task ':capacitor-android:generateDebugResValues' because:
  Build cache is disabled
Task ':capacitor-android:generateDebugResValues' is not up-to-date because:
  No history is available.
Resolve mutations for :capacitor-android:generateDebugResources (Thread[#106,Execution worker Thread 3,5,main]) started.
:capacitor-android:generateDebugResources (Thread[#106,Execution worker Thread 3,5,main]) started.

> Task :capacitor-android:generateDebugResources
Caching disabled for task ':capacitor-android:generateDebugResources' because:
  Build cache is disabled
Task ':capacitor-android:generateDebugResources' is not up-to-date because:
  No history is available.
Resolve mutations for :capacitor-android:packageDebugResources (Thread[#106,Execution worker Thread 3,5,main]) started.
:capacitor-android:packageDebugResources (Thread[#106,Execution worker Thread 3,5,main]) started.

> Task :app:checkDebugAarMetadata FAILED

> Task :capacitor-android:packageDebugResources
Caching disabled for task ':capacitor-android:packageDebugResources' because:
  Build cache is disabled
Task ':capacitor-android:packageDebugResources' is not up-to-date because:
  No history is available.
The input changes require a full rebuild for incremental task ':capacitor-android:packageDebugResources'.
[MergeResources] Inputs are non-incremental full task action.

[Incubating] Problems report is available at: file:///home/runner/work/cineo/cineo/android/build/reports/problems/problems-report.html

FAILURE: Build failed with an exception.

* What went wrong:
Execution failed for task ':app:checkDebugAarMetadata'.
> A failure occurred while executing com.android.build.gradle.internal.tasks.CheckAarMetadataWorkAction
   > 8 issues were found when checking AAR metadata:
     
       1.  Dependency 'androidx.activity:activity-ktx:1.11.0' requires libraries and applications that
           depend on it to compile against version 36 or later of the
           Android APIs.
     
           :app is currently compiled against android-35.
     
           Also, the maximum recommended compile SDK version for Android Gradle
           plugin 8.7.3 is 35.
     
           Recommended action: Update this project's version of the Android Gradle
           plugin to one that supports 36, then update this project to use
           compileSdk of at least 36.
     
           Note that updating a library or application's compileSdk (which
           allows newer APIs to be used) can be done separately from updating
           targetSdk (which opts the app in to new runtime behavior) and
           minSdk (which determines which devices the app can be installed
           on).
     
       2.  Dependency 'androidx.activity:activity-ktx:1.11.0' requires Android Gradle plugin 8.9.1 or higher.
     
           This build currently uses Android Gradle plugin 8.7.3.
     
       3.  Dependency 'androidx.activity:activity:1.11.0' requires libraries and applications that
           depend on it to compile against version 36 or later of the
           Android APIs.
     
           :app is currently compiled against android-35.
     
           Also, the maximum recommended compile SDK version for Android Gradle
           plugin 8.7.3 is 35.
     
           Recommended action: Update this project's version of the Android Gradle
           plugin to one that supports 36, then update this project to use
           compileSdk of at least 36.
     
           Note that updating a library or application's compileSdk (which
           allows newer APIs to be used) can be done separately from updating
           targetSdk (which opts the app in to new runtime behavior) and
           minSdk (which determines which devices the app can be installed
           on).
     
       4.  Dependency 'androidx.activity:activity:1.11.0' requires Android Gradle plugin 8.9.1 or higher.
     
           This build currently uses Android Gradle plugin 8.7.3.
     
       5.  Dependency 'androidx.core:core-ktx:1.17.0' requires libraries and applications that
           depend on it to compile against version 36 or later of the
           Android APIs.
     
           :app is currently compiled against android-35.
     
           Also, the maximum recommended compile SDK version for Android Gradle
           plugin 8.7.3 is 35.
     
           Recommended action: Update this project's version of the Android Gradle
           plugin to one that supports 36, then update this project to use
           compileSdk of at least 36.
     
           Note that updating a library or application's compileSdk (which
           allows newer APIs to be used) can be done separately from updating
           targetSdk (which opts the app in to new runtime behavior) and
           minSdk (which determines which devices the app can be installed
           on).
     
       6.  Dependency 'androidx.core:core-ktx:1.17.0' requires Android Gradle plugin 8.9.1 or higher.
     
           This build currently uses Android Gradle plugin 8.7.3.
     
       7.  Dependency 'androidx.core:core:1.17.0' requires libraries and applications that
           depend on it to compile against version 36 or later of the
           Android APIs.
     
           :app is currently compiled against android-35.
     
           Also, the maximum recommended compile SDK version for Android Gradle
           plugin 8.7.3 is 35.
     
           Recommended action: Update this project's version of the Android Gradle
           plugin to one that supports 36, then update this project to use
           compileSdk of at least 36.
     
           Note that updating a library or application's compileSdk (which
           allows newer APIs to be used) can be done separately from updating
           targetSdk (which opts the app in to new runtime behavior) and
           minSdk (which determines which devices the app can be installed
           on).
     
       8.  Dependency 'androidx.core:core:1.17.0' requires Android Gradle plugin 8.9.1 or higher.
     
           This build currently uses Android Gradle plugin 8.7.3.

* Try:
> Run with --stacktrace option to get the stack trace.
> Run with --debug option to get more log output.
> Run with --scan to get full insights.
> Get more help at https://help.gradle.org.

Deprecated Gradle features were used in this build, making it incompatible with Gradle 9.0.

You can use '--warning-mode all' to show the individual deprecation warnings and determine if they come from your own scripts or plugins.

For more on this, please refer to https://docs.gradle.org/8.14.3/userguide/command_line_interface.html#sec:command_line_warnings in the Gradle documentation.

BUILD FAILED in 54s
10 actionable tasks: 10 executed
